Archive member included because of file (symbol)

/usr/lib/gcc/arm-none-eabi/4.7.2/libgcc.a(_udivsi3.o)
                              obj/hitag2.o (__aeabi_uidiv)
/usr/lib/gcc/arm-none-eabi/4.7.2/libgcc.a(_divsi3.o)
                              obj/lfops.o (__aeabi_idiv)
/usr/lib/gcc/arm-none-eabi/4.7.2/libgcc.a(_dvmd_tls.o)
                              /usr/lib/gcc/arm-none-eabi/4.7.2/libgcc.a(_udivsi3.o) (__aeabi_idiv0)

Allocating common symbols
Common symbol       size              file

password            0x4               obj/hitag2.o
NrAr                0x8               obj/hitag2.o
BigBuf              0x9c40            obj/start.o
ToSend              0x200             obj/appmain.o
timer               0x4               obj/legicrf.o
timestamp           0x4               obj/legicrf.o
cipher_state        0x8               obj/hitag2.o
bPwd                0x1               obj/hitag2.o
prng_timer          0x4               obj/legicrf.o
blocknr             0x4               obj/hitag2.o
bCrypto             0x1               obj/hitag2.o
lfsr                0x8               obj/legic_prng.o
key                 0x8               obj/hitag2.o
bAuthenticating     0x1               obj/hitag2.o
ToSendMax           0x4               obj/appmain.o

Discarded input sections

 .text          0x0000000000000000        0x0 obj/version.o
 .data          0x0000000000000000        0x0 obj/version.o
 .bss           0x0000000000000000        0x0 obj/version.o
 .text          0x0000000000000000        0x0 obj/start.o
 .data          0x0000000000000000        0x0 obj/start.o
 .bss           0x0000000000000000        0x0 obj/start.o
 .data          0x0000000000000000        0x0 obj/iso15693.o
 .data          0x0000000000000000        0x0 obj/iso15693tools.o
 .data          0x0000000000000000        0x0 obj/lfops.o
 .bss           0x0000000000000000        0x0 obj/lfops.o
 .data          0x0000000000000000        0x0 obj/appmain.o
 .data          0x0000000000000000        0x0 obj/printf.o
 .bss           0x0000000000000000        0x0 obj/printf.o
 .data          0x0000000000000000        0x0 obj/util.o
 .data          0x0000000000000000        0x0 obj/string.o
 .bss           0x0000000000000000        0x0 obj/string.o
 .data          0x0000000000000000        0x0 obj/usb.o
 .data          0x0000000000000000        0x0 obj/fpgaloader.o
 .data          0x0000000000000000        0x0 obj/legicrf.o
 .data          0x0000000000000000        0x0 obj/iso14443crc.o
 .bss           0x0000000000000000        0x0 obj/iso14443crc.o
 .data          0x0000000000000000        0x0 obj/crc16.o
 .bss           0x0000000000000000        0x0 obj/crc16.o
 .data          0x0000000000000000        0x0 obj/epa.o
 .bss           0x0000000000000000        0x0 obj/epa.o
 .bss           0x0000000000000000        0x0 obj/mifareutil.o
 .data          0x0000000000000000        0x0 obj/mifarecmd.o
 .bss           0x0000000000000000        0x0 obj/mifarecmd.o
 .data          0x0000000000000000        0x0 obj/mifaresniff.o
 .data          0x0000000000000000        0x0 obj/iso14443.o
 .text          0x0000000000000000     0x15b0 obj/crapto1.o
 .data          0x0000000000000000        0x0 obj/crapto1.o
 .bss           0x0000000000000000   0x100004 obj/crapto1.o
 .text.startup  0x0000000000000000       0xb8 obj/crapto1.o
 .init_array    0x0000000000000000        0x4 obj/crapto1.o
 .rodata        0x0000000000000000      0x1f0 obj/crapto1.o
 .comment       0x0000000000000000       0x12 obj/crapto1.o
 .ARM.attributes
                0x0000000000000000       0x30 obj/crapto1.o
 .data          0x0000000000000000        0x0 obj/crypto1.o
 .bss           0x0000000000000000        0x0 obj/crypto1.o
 .data          0x0000000000000000        0x0 obj/legic_prng.o
 .bss           0x0000000000000000        0x0 obj/legic_prng.o
 .data          0x0000000000000000        0x0 obj/iclass.o
 .data          0x0000000000000000        0x0 obj/crc.o
 .bss           0x0000000000000000        0x0 obj/crc.o
 .data          0x0000000000000000        0x0 /usr/lib/gcc/arm-none-eabi/4.7.2/libgcc.a(_udivsi3.o)
 .bss           0x0000000000000000        0x0 /usr/lib/gcc/arm-none-eabi/4.7.2/libgcc.a(_udivsi3.o)
 .data          0x0000000000000000        0x0 /usr/lib/gcc/arm-none-eabi/4.7.2/libgcc.a(_divsi3.o)
 .bss           0x0000000000000000        0x0 /usr/lib/gcc/arm-none-eabi/4.7.2/libgcc.a(_divsi3.o)
 .data          0x0000000000000000        0x0 /usr/lib/gcc/arm-none-eabi/4.7.2/libgcc.a(_dvmd_tls.o)
 .bss           0x0000000000000000        0x0 /usr/lib/gcc/arm-none-eabi/4.7.2/libgcc.a(_dvmd_tls.o)

Memory Configuration

Name             Origin             Length             Attributes
bootphase1       0x0000000000100000 0x0000000000000200
bootphase2       0x0000000000100200 0x0000000000001e00
fpgaimage        0x0000000000102000 0x000000000000e000
osimage          0x0000000000110000 0x0000000000030000
ram              0x0000000000200000 0x000000000000ffe0
commonarea       0x000000000020ffe0 0x0000000000000020
*default*        0x0000000000000000 0xffffffffffffffff

Linker script and memory map

                0x00000000001001fc                _bootphase1_version_pointer = ((ORIGIN (bootphase1) + 0x200) - 0x4)
                0x0000000000110000                _osimage_entry = ORIGIN (osimage)
                0x0000000000100000                _bootrom_start = ORIGIN (bootphase1)
                0x0000000000102000                _bootrom_end = (ORIGIN (bootphase2) + 0x1e00)
                0x0000000000100000                _flash_start = ORIGIN (bootphase1)
                0x0000000000140000                _flash_end = (ORIGIN (osimage) + 0x30000)
                0x000000000020ffd8                _stack_end = ((ORIGIN (ram) + 0xffe0) - 0x8)

.fpgaimage      0x0000000000102000     0xa4bc
 *(fpga_bit.data)
 fpga_bit.data  0x0000000000102000     0xa4bc obj/fpga.o
                0x0000000000102000                _binary_fpga_bit_start
                0x000000000010c4bc                _binary_fpga_bit_end

.start          0x0000000000110000       0x44
 *(.startos)
 .startos       0x0000000000110000       0x44 obj/start.o
                0x0000000000110000                Vector

.text           0x0000000000110048    0x10ab0
 *(.text)
 .text          0x0000000000110048     0x1108 obj/iso15693.o
                0x0000000000110440                AcquireRawAdcSamplesIso15693
                0x0000000000110550                RecordRawAdcSamplesIso15693
                0x0000000000110638                Iso15693InitReader
                0x0000000000110694                SendDataTag
                0x00000000001107f8                DbdecodeIso15693Answer
                0x0000000000110984                SetDebugIso15693
                0x00000000001109b0                ReaderIso15693
                0x0000000000110c5c                SimTagIso15693
                0x0000000000110fa8                BruteforceIso15693Afi
                0x0000000000111090                DirectTag15693Command
 .text          0x0000000000111150       0xac obj/iso15693tools.o
                0x0000000000111150                Iso15693Crc
                0x000000000011119c                Iso15693AddCrc
                0x00000000001111b8                Iso15693sprintUID
 *fill*         0x00000000001111fc        0x4 
 .text          0x0000000000111200     0x10b0 obj/lfops.o
                0x0000000000111298                DoAcquisition125k
                0x0000000000111320                AcquireRawAdcSamples125k
                0x0000000000111360                ModThenAcquireRawAdcSamples125k
                0x0000000000111468                WriteTIbyte
                0x00000000001114bc                AcquireTiType
                0x00000000001115b4                ReadTItag
                0x0000000000111780                WriteTItag
                0x00000000001118e4                SimulateTagLowFrequency
                0x00000000001119bc                SimulateTagLowFrequencyBidir
                0x00000000001119c0                CmdHIDsimTAG
                0x0000000000111b14                CmdHIDdemodFSK
                0x0000000000111eb0                T55xxWriteBit
                0x0000000000111eec                T55xxWriteBlock
                0x0000000000111f74                CopyHIDtoT55x7
                0x000000000011205c                WriteEM410x
                0x0000000000112224                CopyIndala64toT55x7
                0x0000000000112254                CopyIndala224toT55x7
 .text          0x00000000001122b0     0x20a4 obj/hitag2.o
                0x000000000011262c                nbytes
                0x000000000011263c                hitag2_reset
                0x0000000000112650                hitag2_init
                0x0000000000112664                hitag2_handle_reader_command
                0x0000000000112ef8                hitag2_password
                0x0000000000112ff8                hitag2_crypto
                0x000000000011367c                hitag2_authenticate
                0x00000000001136f4                hitag2_test_auth_attempts
                0x0000000000113800                SnoopHitag
                0x0000000000113b4c                SimulateHitagTag
                0x0000000000113e48                ReaderHitag
 .text          0x0000000000114354     0x1690 obj/appmain.o
                0x0000000000114354                ToSendReset
                0x000000000011436c                DbpString
                0x00000000001143b4                ToSendStuffBit
                0x000000000011441c                Dbprintf
                0x0000000000114440                BufferClear
                0x0000000000114468                Dbhexdump
                0x0000000000114504                AvgAdc
                0x000000000011454c                MeasureAntennaTuning
                0x0000000000114674                MeasureAntennaTuningHf
                0x00000000001146cc                SimulateTagHfListen
                0x0000000000114760                ReadMem
                0x0000000000114794                SendVersion
                0x0000000000114810                SamyRun
                0x00000000001149dc                ListenReaderField
                0x0000000000114ca8                UsbPacketReceived
                0x000000000011592c                AppMain
 .text          0x00000000001159e4      0x8d8 obj/printf.o
                0x00000000001159e4                kvsprintf
                0x0000000000116284                vsprintf
                0x000000000011629c                sprintf
 .text          0x00000000001162bc      0x4a4 obj/util.o
                0x00000000001162bc                SwapBits
                0x00000000001162e4                num_to_bytes
                0x0000000000116300                bytes_to_num
                0x0000000000116334                LEDsoff
                0x0000000000116350                LED
                0x0000000000116424                BUTTON_CLICKED
                0x00000000001164ec                BUTTON_HELD
                0x0000000000116584                SpinDelayUs
                0x00000000001165e0                SpinDelay
                0x0000000000116644                FormatVersionInformation
                0x0000000000116708                StartTickCount
                0x0000000000116718                StartCountUS
 .text          0x0000000000116760      0x188 obj/string.o
                0x0000000000116760                memcpy
                0x000000000011677c                memset
                0x0000000000116798                memcmp
                0x00000000001167c8                strlen
                0x00000000001167e4                strncat
                0x0000000000116828                strcat
                0x0000000000116860                strreverse
                0x0000000000116894                itoa
 .text          0x00000000001168e8      0x454 obj/usb.o
                0x00000000001169a4                UsbSendPacket
                0x0000000000116a28                UsbStart
                0x0000000000116a80                UsbConnected
                0x0000000000116a90                UsbPoll
 .text          0x0000000000116d3c      0x6cc obj/fpgaloader.o
                0x0000000000116fc0                SetupSpi
                0x000000000011703c                FpgaSetupSsc
                0x0000000000117094                FpgaSetupSscDma
                0x00000000001170d0                bitparse_find_section
                0x00000000001171a4                FpgaDownloadAndGo
                0x000000000011726c                FpgaGatherVersion
                0x0000000000117388                FpgaSendCommand
                0x00000000001173c4                FpgaWriteConfWord
                0x00000000001173d0                SetAdcMuxFor
 .text          0x0000000000117408     0x119c obj/legicrf.o
                0x0000000000117db8                legic_read_byte
                0x0000000000117e74                legic_write_byte
                0x0000000000117fe0                LegicRfReader
                0x0000000000118164                LegicRfWriter
                0x00000000001182ec                LegicRfSimulate
 .text          0x00000000001185a4       0xd4 obj/iso14443crc.o
                0x00000000001185a4                ComputeCrc14443
                0x0000000000118610                CheckCrc14443
 .text          0x0000000000118678       0x40 obj/crc16.o
                0x0000000000118678                update_crc16
 .text          0x00000000001186b8      0x690 obj/epa.o
                0x00000000001186b8                EPA_Finish
                0x00000000001186d0                EPA_Parse_CardAccess
                0x0000000000118894                EPA_Read_CardAccess
                0x0000000000118948                EPA_PACE_Get_Nonce
                0x00000000001189fc                EPA_PACE_MSE_Set_AT
                0x0000000000118ac0                EPA_Setup
                0x0000000000118b30                EPA_PACE_Collect_Nonce
 .text          0x0000000000118d48     0x2af0 obj/iso14443a.o
                0x0000000000119154                iso14a_set_trigger
                0x0000000000119164                iso14a_clear_trace
                0x000000000011919c                iso14a_set_tracing
                0x00000000001191ac                iso14a_set_timeout
                0x00000000001191bc                oddparity
                0x00000000001191cc                GetParity
                0x000000000011920c                AppendCrc14443a
                0x0000000000119244                SimulateIso14443aTag
                0x0000000000119a74                ShortFrameFromReader
                0x0000000000119b28                CodeIso14443aAsReaderPar
                0x0000000000119c74                EmSend4bitEx
                0x0000000000119db4                EmSend4bit
                0x0000000000119dbc                EmSendCmdExPar
                0x0000000000119e58                EmSendCmdEx
                0x0000000000119e94                EmSendCmd
                0x0000000000119ed4                EmSendCmdPar
                0x0000000000119ee0                ReaderTransmitShort
                0x0000000000119f6c                ReaderTransmitPar
                0x000000000011a010                ReaderTransmit
                0x000000000011a04c                ReaderReceive
                0x000000000011a0e8                ReaderReceivePar
                0x000000000011a184                iso14443a_select_card
                0x000000000011a398                iso14443a_setup
                0x000000000011a3f0                iso14_apdu
                0x000000000011a4ac                ReaderIso14443a
                0x000000000011a64c                ReaderMifare
                0x000000000011aa4c                Mifare1ksim
 .text          0x000000000011b838      0xf00 obj/mifareutil.o
                0x000000000011b838                mifare_get_bigbufptr
                0x000000000011b844                eml_get_bigbufptr_sendbuf
                0x000000000011b850                eml_get_bigbufptr_recbuf
                0x000000000011b85c                eml_get_bigbufptr_cardmem
                0x000000000011b868                mf_crypto1_decrypt
                0x000000000011b8f8                mf_crypto1_encrypt
                0x000000000011ba24                mf_crypto1_encrypt4bit
                0x000000000011ba74                mifare_sendcmd_shortex
                0x000000000011bc70                mifare_sendcmd_short
                0x000000000011bc98                mifare_classic_authex
                0x000000000011c0a8                mifare_classic_auth
                0x000000000011c0e4                mifare_classic_readblock
                0x000000000011c200                mifare_classic_writeblock
                0x000000000011c420                mifare_classic_halt
                0x000000000011c488                emlSetMem
                0x000000000011c4b0                emlGetMem
                0x000000000011c4d0                emlGetMemBt
                0x000000000011c4ec                emlCheckValBl
                0x000000000011c5cc                emlGetValBl
                0x000000000011c620                emlSetValBl
                0x000000000011c664                emlGetKey
                0x000000000011c6ac                emlClearMem
 .text          0x000000000011c738     0x1e20 obj/mifarecmd.o
                0x000000000011c738                MifareReadBlock
                0x000000000011c960                MifareReadSector
                0x000000000011cca8                MifareWriteBlock
                0x000000000011cec8                valid_nonce
                0x000000000011cf90                MifareNested
                0x000000000011d844                MifareChkKeys
                0x000000000011da58                MifareSetDbgLvl
                0x000000000011da84                MifareEMemClr
                0x000000000011da94                MifareEMemSet
                0x000000000011dab4                MifareEMemGet
                0x000000000011db1c                MifareECardLoad
                0x000000000011de98                MifareCSetBlock
                0x000000000011e28c                MifareCGetBlock
 .text          0x000000000011e558      0x1a4 obj/mifaresniff.o
                0x000000000011e558                MfSniffInit
                0x000000000011e588                MfSniffEnd
                0x000000000011e5d8                intMfSniffSend
 .text          0x000000000011e6fc      0xe54 obj/iso14443.o
                0x000000000011ebbc                SimulateIso14443Tag
                0x000000000011effc                CodeIso14443bAsReader
                0x000000000011f0e0                AcquireRawAdcSamplesIso14443
                0x000000000011f160                ReadSTMemoryIso14443
                0x000000000011f540                ReadSRIX4KIso14443
                0x000000000011f548                ReadSRI512Iso14443
 .text          0x000000000011f550      0x328 obj/crypto1.o
                0x000000000011f550                crypto1_create
                0x000000000011f5f8                crypto1_destroy
                0x000000000011f608                crypto1_get_lfsr
                0x000000000011f664                crypto1_bit
                0x000000000011f77c                crypto1_byte
                0x000000000011f7c8                crypto1_word
                0x000000000011f814                prng_successor
 .text          0x000000000011f878       0xe8 obj/legic_prng.o
                0x000000000011f878                legic_prng_init
                0x000000000011f8a0                legic_prng_forward
                0x000000000011f914                legic_prng_count
                0x000000000011f924                legic_prng_get_bit
 .text          0x000000000011f960      0xc60 obj/iclass.o
                0x000000000011fa4c                rotateCSN
                0x000000000011fa7c                SimulateIClass
                0x000000000012006c                CodeIClassCommand
                0x0000000000120180                ReaderTransmitIClass
                0x00000000001202e0                ReaderReceiveIClass
                0x00000000001203f4                ReaderIClass
 .text          0x00000000001205c0       0x9c obj/crc.o
                0x00000000001205c0                crc_init
                0x00000000001205ec                crc_update
                0x0000000000120630                crc_clear
                0x0000000000120644                crc_finish
 .text          0x000000000012065c      0x114 /usr/lib/gcc/arm-none-eabi/4.7.2/libgcc.a(_udivsi3.o)
                0x000000000012065c                __udivsi3
                0x000000000012065c                __aeabi_uidiv
                0x0000000000120750                __aeabi_uidivmod
 .text          0x0000000000120770      0x148 /usr/lib/gcc/arm-none-eabi/4.7.2/libgcc.a(_divsi3.o)
                0x0000000000120770                __aeabi_idiv
                0x0000000000120770                __divsi3
                0x0000000000120898                __aeabi_idivmod
 .text          0x00000000001208b8        0x4 /usr/lib/gcc/arm-none-eabi/4.7.2/libgcc.a(_dvmd_tls.o)
                0x00000000001208b8                __aeabi_ldiv0
                0x00000000001208b8                __aeabi_idiv0
 *fill*         0x00000000001208bc        0x4 
 .text.__stub   0x00000000001208c0      0x1f8 linker stubs
 *(.text.*)
 *(.eh_frame)
 *(.glue_7)
 .glue_7        0x0000000000000000        0x0 linker stubs
 *(.glue_7t)
 .glue_7t       0x0000000000000000        0x0 linker stubs

.vfp11_veneer   0x0000000000120af8        0x0
 .vfp11_veneer  0x0000000000000000        0x0 linker stubs

.v4_bx          0x0000000000120af8        0x0
 .v4_bx         0x0000000000000000        0x0 linker stubs

.iplt           0x0000000000120af8        0x0
 .iplt          0x0000000000000000        0x0 obj/start.o

.rodata         0x0000000000120af8     0x20c0
 *(.rodata)
 .rodata        0x0000000000120af8      0x2d4 obj/iso15693.o
 .rodata        0x0000000000120dcc       0x14 obj/lfops.o
 .rodata        0x0000000000120de0        0x8 obj/appmain.o
 .rodata        0x0000000000120de8      0x188 obj/printf.o
                0x0000000000120f48                hex2ascii_data
 .rodata        0x0000000000120f70      0x11c obj/usb.o
 .rodata        0x000000000012108c       0x10 obj/fpgaloader.o
 .rodata        0x000000000012109c       0x2c obj/epa.o
 .rodata        0x00000000001210c8      0x120 obj/iso14443a.o
                0x00000000001210c8                OddByteParity
 .rodata        0x00000000001211e8       0x20 obj/mifareutil.o
 .rodata        0x0000000000121208       0x24 obj/iso14443.o
 .rodata        0x000000000012122c        0xc obj/iclass.o
 *(.rodata.*)
 .rodata.str1.4
                0x0000000000121238      0x2a9 obj/iso15693.o
                                        0x2b4 (size before relaxing)
 *fill*         0x00000000001214e1        0x3 
 .rodata.str1.4
                0x00000000001214e4       0x29 obj/iso15693tools.o
                                         0x2c (size before relaxing)
 *fill*         0x000000000012150d        0x3 
 .rodata.str1.4
                0x0000000000121510      0x1e3 obj/lfops.o
                                        0x1e4 (size before relaxing)
 *fill*         0x00000000001216f3        0x1 
 .rodata.str1.4
                0x00000000001216f4      0x2b9 obj/hitag2.o
                                        0x2bc (size before relaxing)
 *fill*         0x00000000001219ad        0x3 
 .rodata.str1.4
                0x00000000001219b0      0x2b1 obj/appmain.o
                                        0x2cc (size before relaxing)
 *fill*         0x0000000000121c61        0x3 
 .rodata.str1.4
                0x0000000000121c64       0x13 obj/printf.o
                                         0x14 (size before relaxing)
 *fill*         0x0000000000121c77        0x1 
 .rodata.str1.4
                0x0000000000121c78       0x81 obj/util.o
                                         0x88 (size before relaxing)
 *fill*         0x0000000000121cf9        0x3 
 .rodata.str1.4
                0x0000000000121cfc       0x59 obj/fpgaloader.o
                                         0x5c (size before relaxing)
 *fill*         0x0000000000121d55        0x3 
 .rodata.str1.4
                0x0000000000121d58      0x325 obj/legicrf.o
                                        0x330 (size before relaxing)
 *fill*         0x000000000012207d        0x3 
 .rodata.str1.4
                0x0000000000122080      0x2dd obj/iso14443a.o
                                        0x2f8 (size before relaxing)
 *fill*         0x000000000012235d        0x3 
 .rodata.str1.4
                0x0000000000122360      0x105 obj/mifareutil.o
                                        0x108 (size before relaxing)
 *fill*         0x0000000000122465        0x3 
 .rodata.str1.4
                0x0000000000122468      0x2a6 obj/mifarecmd.o
                                        0x2b4 (size before relaxing)
 *fill*         0x000000000012270e        0x2 
 .rodata.str1.4
                0x0000000000122710        0x8 obj/mifaresniff.o
 .rodata.str1.4
                0x0000000000122718      0x393 obj/iso14443.o
                                        0x3ac (size before relaxing)
 *fill*         0x0000000000122aab        0x1 
 .rodata.str1.4
                0x0000000000122aac       0xdc obj/iclass.o
                                        0x158 (size before relaxing)
 *(.version_information)
 .version_information
                0x0000000000122b88       0x30 obj/version.o
                0x0000000000122b88                version_information

.rel.dyn        0x0000000000122bb8        0x0
 .rel.iplt      0x0000000000000000        0x0 obj/start.o
                0x0000000000122bb8                . = ALIGN (0x4)

.data           0x0000000000200000     0x2ce0 load address 0x0000000000122bb8
 *(.data)
 .data          0x0000000000200000       0x50 obj/hitag2.o
                0x0000000000200048                auth_table_len
                0x000000000020004c                auth_table
 .data          0x0000000000200050       0x28 obj/iso14443a.o
                0x0000000000200050                trace
                0x0000000000200054                tracing
 .data          0x0000000000200078        0x4 obj/mifareutil.o
                0x0000000000200078                MF_DBGLEVEL
 *(.data.*)
 *(.ramfunc)
 .ramfunc       0x000000000020007c       0x68 obj/util.o
                0x000000000020007c                GetTickCount
                0x0000000000200088                GetCountUS
                0x00000000002000b0                GetDeltaCountUS
 .ramfunc       0x00000000002000e4      0xf00 obj/iso14443a.o
                0x0000000000200838                LogTrace
                0x000000000020095c                SnoopIso14443a
                0x0000000000200cb4                SniffMifare
 .ramfunc       0x0000000000200fe4      0x488 obj/mifaresniff.o
                0x0000000000200fe4                MfSniffLogic
                0x0000000000201418                MfSniffSend
 .ramfunc       0x000000000020146c      0x954 obj/iso14443.o
                0x00000000002017fc                SnoopIso14443
 .ramfunc       0x0000000000201dc0      0xec8 obj/iclass.o
                0x0000000000202738                SnoopIClass
 .ramfunc.__stub
                0x0000000000202c88       0x44 linker stubs
                0x0000000000202ccc                . = ALIGN (0x4)
                0x0000000000122bb8                __data_src_start__ = LOADADDR (.data)
                0x0000000000200000                __data_start__ = ADDR (.data)
                0x0000000000202ce0                __data_end__ = (__data_start__ + SIZEOF (.data))

.igot.plt       0x0000000000202ce0        0x0 load address 0x0000000000125898
 .igot.plt      0x0000000000000000        0x0 obj/start.o

.bss            0x0000000000202ce0     0xa098
                0x0000000000202ce0                __bss_start__ = .
 *(.bss)
 .bss           0x0000000000202ce0        0x4 obj/iso15693.o
                0x0000000000202ce0                DEBUG
 .bss           0x0000000000202ce4       0x14 obj/iso15693tools.o
 .bss           0x0000000000202cf8        0x8 obj/hitag2.o
                0x0000000000202cf8                auth_table_pos
 .bss           0x0000000000202d00        0x4 obj/appmain.o
 .bss           0x0000000000202d04        0x4 obj/util.o
 .bss           0x0000000000202d08       0x48 obj/usb.o
 .bss           0x0000000000202d50        0xc obj/fpgaloader.o
 .bss           0x0000000000202d5c       0x3c obj/legicrf.o
 .bss           0x0000000000202d98       0x78 obj/iso14443a.o
                0x0000000000202df8                trigger
                0x0000000000202e00                traceLen
                0x0000000000202e04                rsamples
 .bss           0x0000000000202e10       0x24 obj/mifaresniff.o
 .bss           0x0000000000202e34       0x44 obj/iso14443.o
 .bss           0x0000000000202e78       0x78 obj/iclass.o
 *(.bss.*)
                0x0000000000202ef0                . = ALIGN (0x4)
                0x0000000000202ef0                __bss_end__ = .
 COMMON         0x0000000000202ef0     0x9c40 obj/start.o
                0x0000000000202ef0                BigBuf
 COMMON         0x000000000020cb30       0x2d obj/hitag2.o
                0x000000000020cb30                password
                0x000000000020cb34                NrAr
                0x000000000020cb40                cipher_state
                0x000000000020cb48                bPwd
                0x000000000020cb4c                blocknr
                0x000000000020cb50                bCrypto
                0x000000000020cb54                key
                0x000000000020cb5c                bAuthenticating
 *fill*         0x000000000020cb5d        0x3 
 COMMON         0x000000000020cb60      0x204 obj/appmain.o
                0x000000000020cb60                ToSend
                0x000000000020cd60                ToSendMax
 COMMON         0x000000000020cd64        0xc obj/legicrf.o
                0x000000000020cd64                timer
                0x000000000020cd68                timestamp
                0x000000000020cd6c                prng_timer
 COMMON         0x000000000020cd70        0x8 obj/legic_prng.o
                0x000000000020cd70                lfsr

.commonarea     0x000000000020ffe0       0x10
 *(.commonarea)
 .commonarea    0x000000000020ffe0       0x10 obj/appmain.o
                0x000000000020ffe0                common_area
LOAD obj/version.o
LOAD obj/fpga.o
LOAD obj/start.o
LOAD obj/iso15693.o
LOAD obj/iso15693tools.o
LOAD obj/lfops.o
LOAD obj/hitag2.o
LOAD obj/appmain.o
LOAD obj/printf.o
LOAD obj/util.o
LOAD obj/string.o
LOAD obj/usb.o
LOAD obj/fpgaloader.o
LOAD obj/legicrf.o
LOAD obj/iso14443crc.o
LOAD obj/crc16.o
LOAD obj/epa.o
LOAD obj/iso14443a.o
LOAD obj/mifareutil.o
LOAD obj/mifarecmd.o
LOAD obj/mifaresniff.o
LOAD obj/iso14443.o
LOAD obj/crapto1.o
LOAD obj/crypto1.o
LOAD obj/legic_prng.o
LOAD obj/iclass.o
LOAD obj/crc.o
LOAD /usr/lib/gcc/arm-none-eabi/4.7.2/libgcc.a
OUTPUT(obj/fullimage.elf elf32-littlearm)

.comment        0x0000000000000000       0x11
 .comment       0x0000000000000000       0x11 obj/version.o
                                         0x12 (size before relaxing)
 .comment       0x0000000000000000       0x12 obj/start.o
 .comment       0x0000000000000000       0x12 obj/iso15693.o
 .comment       0x0000000000000000       0x12 obj/iso15693tools.o
 .comment       0x0000000000000000       0x12 obj/lfops.o
 .comment       0x0000000000000000       0x12 obj/hitag2.o
 .comment       0x0000000000000000       0x12 obj/appmain.o
 .comment       0x0000000000000000       0x12 obj/printf.o
 .comment       0x0000000000000000       0x12 obj/util.o
 .comment       0x0000000000000000       0x12 obj/string.o
 .comment       0x0000000000000000       0x12 obj/usb.o
 .comment       0x0000000000000000       0x12 obj/fpgaloader.o
 .comment       0x0000000000000000       0x12 obj/legicrf.o
 .comment       0x0000000000000000       0x12 obj/iso14443crc.o
 .comment       0x0000000000000000       0x12 obj/crc16.o
 .comment       0x0000000000000000       0x12 obj/epa.o
 .comment       0x0000000000000000       0x12 obj/iso14443a.o
 .comment       0x0000000000000000       0x12 obj/mifareutil.o
 .comment       0x0000000000000000       0x12 obj/mifarecmd.o
 .comment       0x0000000000000000       0x12 obj/mifaresniff.o
 .comment       0x0000000000000000       0x12 obj/iso14443.o
 .comment       0x0000000000000000       0x12 obj/crypto1.o
 .comment       0x0000000000000000       0x12 obj/legic_prng.o
 .comment       0x0000000000000000       0x12 obj/iclass.o
 .comment       0x0000000000000000       0x12 obj/crc.o

.ARM.attributes
                0x0000000000000000       0x2e
 .ARM.attributes
                0x0000000000000000       0x30 obj/version.o
 .ARM.attributes
                0x0000000000000030       0x30 obj/start.o
 .ARM.attributes
                0x0000000000000060       0x30 obj/iso15693.o
 .ARM.attributes
                0x0000000000000090       0x30 obj/iso15693tools.o
 .ARM.attributes
                0x00000000000000c0       0x30 obj/lfops.o
 .ARM.attributes
                0x00000000000000f0       0x30 obj/hitag2.o
 .ARM.attributes
                0x0000000000000120       0x30 obj/appmain.o
 .ARM.attributes
                0x0000000000000150       0x30 obj/printf.o
 .ARM.attributes
                0x0000000000000180       0x30 obj/util.o
 .ARM.attributes
                0x00000000000001b0       0x30 obj/string.o
 .ARM.attributes
                0x00000000000001e0       0x30 obj/usb.o
 .ARM.attributes
                0x0000000000000210       0x30 obj/fpgaloader.o
 .ARM.attributes
                0x0000000000000240       0x30 obj/legicrf.o
 .ARM.attributes
                0x0000000000000270       0x30 obj/iso14443crc.o
 .ARM.attributes
                0x00000000000002a0       0x30 obj/crc16.o
 .ARM.attributes
                0x00000000000002d0       0x30 obj/epa.o
 .ARM.attributes
                0x0000000000000300       0x30 obj/iso14443a.o
 .ARM.attributes
                0x0000000000000330       0x30 obj/mifareutil.o
 .ARM.attributes
                0x0000000000000360       0x30 obj/mifarecmd.o
 .ARM.attributes
                0x0000000000000390       0x30 obj/mifaresniff.o
 .ARM.attributes
                0x00000000000003c0       0x30 obj/iso14443.o
 .ARM.attributes
                0x00000000000003f0       0x30 obj/crypto1.o
 .ARM.attributes
                0x0000000000000420       0x30 obj/legic_prng.o
 .ARM.attributes
                0x0000000000000450       0x30 obj/iclass.o
 .ARM.attributes
                0x0000000000000480       0x30 obj/crc.o
 .ARM.attributes
                0x00000000000004b0       0x18 /usr/lib/gcc/arm-none-eabi/4.7.2/libgcc.a(_udivsi3.o)
 .ARM.attributes
                0x00000000000004c8       0x18 /usr/lib/gcc/arm-none-eabi/4.7.2/libgcc.a(_divsi3.o)
 .ARM.attributes
                0x00000000000004e0       0x18 /usr/lib/gcc/arm-none-eabi/4.7.2/libgcc.a(_dvmd_tls.o)

.debug_frame    0x0000000000000000       0x40
 .debug_frame   0x0000000000000000       0x20 /usr/lib/gcc/arm-none-eabi/4.7.2/libgcc.a(_udivsi3.o)
 .debug_frame   0x0000000000000020       0x20 /usr/lib/gcc/arm-none-eabi/4.7.2/libgcc.a(_divsi3.o)

.debug_line     0x0000000000000000      0x163
 .debug_line    0x0000000000000000       0x80 /usr/lib/gcc/arm-none-eabi/4.7.2/libgcc.a(_udivsi3.o)
 .debug_line    0x0000000000000080       0x8c /usr/lib/gcc/arm-none-eabi/4.7.2/libgcc.a(_divsi3.o)
 .debug_line    0x000000000000010c       0x57 /usr/lib/gcc/arm-none-eabi/4.7.2/libgcc.a(_dvmd_tls.o)

.debug_info     0x0000000000000000      0x1f8
 .debug_info    0x0000000000000000       0xa8 /usr/lib/gcc/arm-none-eabi/4.7.2/libgcc.a(_udivsi3.o)
 .debug_info    0x00000000000000a8       0xa8 /usr/lib/gcc/arm-none-eabi/4.7.2/libgcc.a(_divsi3.o)
 .debug_info    0x0000000000000150       0xa8 /usr/lib/gcc/arm-none-eabi/4.7.2/libgcc.a(_dvmd_tls.o)

.debug_abbrev   0x0000000000000000       0x3c
 .debug_abbrev  0x0000000000000000       0x14 /usr/lib/gcc/arm-none-eabi/4.7.2/libgcc.a(_udivsi3.o)
 .debug_abbrev  0x0000000000000014       0x14 /usr/lib/gcc/arm-none-eabi/4.7.2/libgcc.a(_divsi3.o)
 .debug_abbrev  0x0000000000000028       0x14 /usr/lib/gcc/arm-none-eabi/4.7.2/libgcc.a(_dvmd_tls.o)

.debug_aranges  0x0000000000000000       0x60
 .debug_aranges
                0x0000000000000000       0x20 /usr/lib/gcc/arm-none-eabi/4.7.2/libgcc.a(_udivsi3.o)
 .debug_aranges
                0x0000000000000020       0x20 /usr/lib/gcc/arm-none-eabi/4.7.2/libgcc.a(_divsi3.o)
 .debug_aranges
                0x0000000000000040       0x20 /usr/lib/gcc/arm-none-eabi/4.7.2/libgcc.a(_dvmd_tls.o)
